// Jest Snapshot v1, https://goo.gl/fbAQLP

exports[`style should export style rules config 1`] = `
{
  "extends": [
    "prettier",
  ],
  "rules": {
    "arrow-body-style": "off",
    "camelcase": "off",
    "capitalized-comments": "off",
    "consistent-this": "off",
    "func-name-matching": "error",
    "func-names": [
      "error",
      "as-needed",
    ],
    "func-style": "off",
    "id-denylist": "off",
    "id-length": [
      "error",
      {
        "min": 2,
      },
    ],
    "id-match": [
      "error",
      "^\\$?(__)?(([A-Z]|[a-z]|[0-9]+)|([A-Z_]))*\\$?$",
    ],
    "init-declarations": "off",
    "line-comment-position": "off",
    "lines-around-comment": "off",
    "lines-between-class-members": "error",
    "logical-assignment-operators": "off",
    "max-depth": [
      "error",
      4,
    ],
    "max-lines": [
      "error",
      {
        "max": 500,
        "skipBlankLines": true,
        "skipComments": true,
      },
    ],
    "max-lines-per-function": [
      "error",
      {
        "max": 50,
        "skipBlankLines": true,
        "skipComments": true,
      },
    ],
    "max-nested-callbacks": [
      "error",
      7,
    ],
    "max-params": [
      "error",
      3,
    ],
    "max-statements": [
      "error",
      12,
    ],
    "max-statements-per-line": [
      "error",
      {
        "max": 1,
      },
    ],
    "multiline-comment-style": "off",
    "new-cap": "error",
    "no-array-constructor": "error",
    "no-bitwise": "off",
    "no-continue": "error",
    "no-duplicate-imports": "error",
    "no-inline-comments": "off",
    "no-lonely-if": "error",
    "no-multi-assign": "error",
    "no-negated-condition": "error",
    "no-nested-ternary": "error",
    "no-new-object": "error",
    "no-plusplus": "off",
    "no-restricted-exports": "off",
    "no-restricted-imports": "off",
    "no-restricted-syntax": "off",
    "no-ternary": "off",
    "no-underscore-dangle": "off",
    "no-unneeded-ternary": "error",
    "object-shorthand": "error",
    "one-var": "off",
    "operator-assignment": "off",
    "padding-line-between-statements": [
      "error",
      {
        "blankLine": "always",
        "next": "*",
        "prev": [
          "const",
          "let",
          "var",
        ],
      },
      {
        "blankLine": "any",
        "next": [
          "const",
          "let",
          "var",
        ],
        "prev": [
          "const",
          "let",
          "var",
        ],
      },
    ],
    "prefer-arrow-callback": "error",
    "prefer-destructuring": [
      "error",
      {
        "AssignmentExpression": {
          "array": true,
          "object": true,
        },
        "VariableDeclarator": {
          "array": true,
          "object": true,
        },
      },
      {
        "enforceForRenamedProperties": true,
      },
    ],
    "prefer-exponentiation-operator": "warn",
    "prefer-numeric-literals": "off",
    "prefer-object-has-own": "off",
    "prefer-object-spread": "error",
    "prefer-spread": "error",
    "sort-imports": "off",
    "sort-keys": [
      "error",
      "asc",
      {
        "caseSensitive": true,
        "minKeys": 5,
        "natural": false,
      },
    ],
    "sort-vars": "off",
    "space-before-blocks": "off",
    "spaced-comment": "off",
  },
}
`;
